// Jest Snapshot v1, https://goo.gl/fbAQLP

exports[`App.container Passes shallow snapshot test 1`] = `
Object {
  "asFragment": [Function],
  "baseElement": <body>
    <div>
      <div
        class="MuiBox-root css-0"
        data-testid="login"
        id="login"
      >
        <div
          class="fullPageBackground defaultBackground undefined MuiBox-root css-0"
          data-testid="background"
        >
          <div
            class="fullSizeCentered MuiBox-root css-0"
            id="workspace"
          >
            <header
              class="headerFullPage"
              id="header"
            >
              <div
                class="collectionContainer collection MuiBox-root css-1fn0841"
                data-testid="collection"
              >
                <div
                  class="MuiBox-root css-0"
                  data-testid="logo"
                >
                  <h4
                    class="MuiTypography-root MuiTypography-h4 logo css-95oyd8-MuiTypography-root"
                  >
                    MY
                  </h4>
                </div>
              </div>
            </header>
            <section
              class="fullSizeCentered"
              id="content"
            >
              <div
                class="MuiPaper-root MuiPaper-elevation MuiPaper-rounded MuiPaper-elevation12 loginContentContainer css-1e1fzod-MuiPaper-root"
              >
                <div
                  class="collectionContainer fullSizeElement MuiBox-root css-1fn0841"
                  data-testid="collection"
                >
                  <div
                    class="fullSizeCentered MuiBox-root css-0"
                    data-testid="form-component"
                  >
                    <div
                      class="formHeader MuiBox-root css-0"
                    >
                      <div
                        class="MuiBox-root css-0"
                        data-testid="logo"
                      >
                        <h4
                          class="MuiTypography-root MuiTypography-h4 logo css-95oyd8-MuiTypography-root"
                        >
                          MY
                        </h4>
                      </div>
                    </div>
                  </div>
                  <div
                    class="  loginBackground fullSizeElement MuiBox-root css-0"
                    data-testid="background"
                  />
                </div>
              </div>
            </section>
            <footer
              class="footerFullPage"
              id="footer"
            >
              <div
                class="collectionContainer collection MuiBox-root css-1a9getn"
                data-testid="collection"
              >
                <div
                  class="MuiBox-root css-0"
                  data-testid="copyright-component"
                >
                  <p
                    class="MuiTypography-root MuiTypography-body2 css-n6q3br-MuiTypography-root"
                  >
                    © 
                    All rights reserved.
                  </p>
                </div>
              </div>
            </footer>
          </div>
        </div>
      </div>
    </div>
  </body>,
  "container": <div>
    <div
      class="MuiBox-root css-0"
      data-testid="login"
      id="login"
    >
      <div
        class="fullPageBackground defaultBackground undefined MuiBox-root css-0"
        data-testid="background"
      >
        <div
          class="fullSizeCentered MuiBox-root css-0"
          id="workspace"
        >
          <header
            class="headerFullPage"
            id="header"
          >
            <div
              class="collectionContainer collection MuiBox-root css-1fn0841"
              data-testid="collection"
            >
              <div
                class="MuiBox-root css-0"
                data-testid="logo"
              >
                <h4
                  class="MuiTypography-root MuiTypography-h4 logo css-95oyd8-MuiTypography-root"
                >
                  MY
                </h4>
              </div>
            </div>
          </header>
          <section
            class="fullSizeCentered"
            id="content"
          >
            <div
              class="MuiPaper-root MuiPaper-elevation MuiPaper-rounded MuiPaper-elevation12 loginContentContainer css-1e1fzod-MuiPaper-root"
            >
              <div
                class="collectionContainer fullSizeElement MuiBox-root css-1fn0841"
                data-testid="collection"
              >
                <div
                  class="fullSizeCentered MuiBox-root css-0"
                  data-testid="form-component"
                >
                  <div
                    class="formHeader MuiBox-root css-0"
                  >
                    <div
                      class="MuiBox-root css-0"
                      data-testid="logo"
                    >
                      <h4
                        class="MuiTypography-root MuiTypography-h4 logo css-95oyd8-MuiTypography-root"
                      >
                        MY
                      </h4>
                    </div>
                  </div>
                </div>
                <div
                  class="  loginBackground fullSizeElement MuiBox-root css-0"
                  data-testid="background"
                />
              </div>
            </div>
          </section>
          <footer
            class="footerFullPage"
            id="footer"
          >
            <div
              class="collectionContainer collection MuiBox-root css-1a9getn"
              data-testid="collection"
            >
              <div
                class="MuiBox-root css-0"
                data-testid="copyright-component"
              >
                <p
                  class="MuiTypography-root MuiTypography-body2 css-n6q3br-MuiTypography-root"
                >
                  © 
                  All rights reserved.
                </p>
              </div>
            </div>
          </footer>
        </div>
      </div>
    </div>
  </div>,
  "debug": [Function],
  "findAllByAltText": [Function],
  "findAllByDisplayValue": [Function],
  "findAllByLabelText": [Function],
  "findAllByPlaceholderText": [Function],
  "findAllByRole": [Function],
  "findAllByTestId": [Function],
  "findAllByText": [Function],
  "findAllByTitle": [Function],
  "findByAltText": [Function],
  "findByDisplayValue": [Function],
  "findByLabelText": [Function],
  "findByPlaceholderText": [Function],
  "findByRole": [Function],
  "findByTestId": [Function],
  "findByText": [Function],
  "findByTitle": [Function],
  "getAllByAltText": [Function],
  "getAllByDisplayValue": [Function],
  "getAllByLabelText": [Function],
  "getAllByPlaceholderText": [Function],
  "getAllByRole": [Function],
  "getAllByTestId": [Function],
  "getAllByText": [Function],
  "getAllByTitle": [Function],
  "getByAltText": [Function],
  "getByDisplayValue": [Function],
  "getByLabelText": [Function],
  "getByPlaceholderText": [Function],
  "getByRole": [Function],
  "getByTestId": [Function],
  "getByText": [Function],
  "getByTitle": [Function],
  "queryAllByAltText": [Function],
  "queryAllByDisplayValue": [Function],
  "queryAllByLabelText": [Function],
  "queryAllByPlaceholderText": [Function],
  "queryAllByRole": [Function],
  "queryAllByTestId": [Function],
  "queryAllByText": [Function],
  "queryAllByTitle": [Function],
  "queryByAltText": [Function],
  "queryByDisplayValue": [Function],
  "queryByLabelText": [Function],
  "queryByPlaceholderText": [Function],
  "queryByRole": [Function],
  "queryByTestId": [Function],
  "queryByText": [Function],
  "queryByTitle": [Function],
  "rerender": [Function],
  "unmount": [Function],
}
`;
