// Jest Snapshot v1, https://goo.gl/fbAQLP

exports[`Login.page Passes shallow snapshot test 1`] = `
Object {
  "asFragment": [Function],
  "baseElement": <body>
    <div>
      <div
        class="MuiBox-root css-0"
        data-testid="login"
        id="login"
      >
        <div
          class="defaultBackground undefined MuiBox-root css-0"
          data-testid="background"
        >
          <div
            class="full-size-container MuiBox-root css-0"
            id="workspace"
          >
            <header
              class="header-full-page"
              id="header"
            >
              <div
                class="ribbonContainer ribbon MuiBox-root css-1fn0841"
                data-testid="ribbon"
              >
                <div
                  class="MuiBox-root css-0"
                  data-testid="logo"
                >
                  <h4
                    class="MuiTypography-root MuiTypography-h4 logo css-95oyd8-MuiTypography-root"
                  >
                    MY
                  </h4>
                </div>
              </div>
            </header>
            <section
              class="full-size-container"
              id="content"
            />
            <footer
              class="footer-full-page"
              id="footer"
            >
              <div
                class="ribbonContainer ribbon MuiBox-root css-1a9getn"
                data-testid="ribbon"
              >
                <div
                  class="MuiBox-root css-0"
                  data-testid="copyright-component"
                >
                  <p
                    class="MuiTypography-root MuiTypography-body2 css-n6q3br-MuiTypography-root"
                  >
                    © 
                    All rights reserved.
                  </p>
                </div>
              </div>
            </footer>
          </div>
        </div>
      </div>
    </div>
  </body>,
  "container": <div>
    <div
      class="MuiBox-root css-0"
      data-testid="login"
      id="login"
    >
      <div
        class="defaultBackground undefined MuiBox-root css-0"
        data-testid="background"
      >
        <div
          class="full-size-container MuiBox-root css-0"
          id="workspace"
        >
          <header
            class="header-full-page"
            id="header"
          >
            <div
              class="ribbonContainer ribbon MuiBox-root css-1fn0841"
              data-testid="ribbon"
            >
              <div
                class="MuiBox-root css-0"
                data-testid="logo"
              >
                <h4
                  class="MuiTypography-root MuiTypography-h4 logo css-95oyd8-MuiTypography-root"
                >
                  MY
                </h4>
              </div>
            </div>
          </header>
          <section
            class="full-size-container"
            id="content"
          />
          <footer
            class="footer-full-page"
            id="footer"
          >
            <div
              class="ribbonContainer ribbon MuiBox-root css-1a9getn"
              data-testid="ribbon"
            >
              <div
                class="MuiBox-root css-0"
                data-testid="copyright-component"
              >
                <p
                  class="MuiTypography-root MuiTypography-body2 css-n6q3br-MuiTypography-root"
                >
                  © 
                  All rights reserved.
                </p>
              </div>
            </div>
          </footer>
        </div>
      </div>
    </div>
  </div>,
  "debug": [Function],
  "findAllByAltText": [Function],
  "findAllByDisplayValue": [Function],
  "findAllByLabelText": [Function],
  "findAllByPlaceholderText": [Function],
  "findAllByRole": [Function],
  "findAllByTestId": [Function],
  "findAllByText": [Function],
  "findAllByTitle": [Function],
  "findByAltText": [Function],
  "findByDisplayValue": [Function],
  "findByLabelText": [Function],
  "findByPlaceholderText": [Function],
  "findByRole": [Function],
  "findByTestId": [Function],
  "findByText": [Function],
  "findByTitle": [Function],
  "getAllByAltText": [Function],
  "getAllByDisplayValue": [Function],
  "getAllByLabelText": [Function],
  "getAllByPlaceholderText": [Function],
  "getAllByRole": [Function],
  "getAllByTestId": [Function],
  "getAllByText": [Function],
  "getAllByTitle": [Function],
  "getByAltText": [Function],
  "getByDisplayValue": [Function],
  "getByLabelText": [Function],
  "getByPlaceholderText": [Function],
  "getByRole": [Function],
  "getByTestId": [Function],
  "getByText": [Function],
  "getByTitle": [Function],
  "queryAllByAltText": [Function],
  "queryAllByDisplayValue": [Function],
  "queryAllByLabelText": [Function],
  "queryAllByPlaceholderText": [Function],
  "queryAllByRole": [Function],
  "queryAllByTestId": [Function],
  "queryAllByText": [Function],
  "queryAllByTitle": [Function],
  "queryByAltText": [Function],
  "queryByDisplayValue": [Function],
  "queryByLabelText": [Function],
  "queryByPlaceholderText": [Function],
  "queryByRole": [Function],
  "queryByTestId": [Function],
  "queryByText": [Function],
  "queryByTitle": [Function],
  "rerender": [Function],
  "unmount": [Function],
}
`;
